// Jest Snapshot v1, https://goo.gl/fbAQLP

exports[`PageEditMigrationDefinitionModal renders correctly using snapshot 1`] = `
<div>
  <button
    className="btn btn-link"
    disabled={false}
    onClick={[Function]}
    type="button"
  >
    <span
      aria-hidden={true}
      className="fa fa-edit"
    />
  </button>
</div>
`;
